09:35:55 **** Auto Build of configuration Debug for project hello1 ****
make all 
Building file: ../src/platform.c
Invoking: MicroBlaze gcc compiler
mb-gcc -Wall -O0 -g3 -c -fmessage-length=0 -MT"src/platform.o" -I../../standalone_bsp_0/microblaze_0/include -mlittle-endian -mcpu=v9.5 -mxl-soft-mul -Wl,--no-relax -MMD -MP -MF"src/platform.d" -MT"src/platform.d" -o "src/platform.o" "../src/platform.c"
Finished building: ../src/platform.c
 
Building file: ../src/spi_test.c
Invoking: MicroBlaze gcc compiler
mb-gcc -Wall -O0 -g3 -c -fmessage-length=0 -MT"src/spi_test.o" -I../../standalone_bsp_0/microblaze_0/include -mlittle-endian -mcpu=v9.5 -mxl-soft-mul -Wl,--no-relax -MMD -MP -MF"src/spi_test.d" -MT"src/spi_test.d" -o "src/spi_test.o" "../src/spi_test.c"
Finished building: ../src/spi_test.c
 
Building target: hello1.elf
Invoking: MicroBlaze gcc linker
mb-gcc -Wl,-T -Wl,../src/lscript.ld -L../../standalone_bsp_0/microblaze_0/lib -mlittle-endian -mcpu=v9.5 -mxl-soft-mul -Wl,--no-relax -o "hello1.elf"  ./src/platform.o ./src/spi_test.o   -Wl,--start-group,-lxil,-lgcc,-lc,--end-group
Finished building target: hello1.elf
 
Invoking: MicroBlaze Print Size
mb-size hello1.elf  |tee "hello1.elf.size"
   text	   data	    bss	    dec	    hex	filename
   3660	    288	   2164	   6112	   17e0	hello1.elf
Finished building: hello1.elf.size
 

09:35:55 Build Finished (took 107ms)

